#
# There is insufficient memory for the Java Runtime Environment to continue.
# Native memory allocation (malloc) failed to allocate 940992 bytes. Error detail: Chunk::new
# Possible reasons:
#   The system is out of physical RAM or swap space
#   This process is running with CompressedOops enabled, and the Java Heap may be blocking the growth of the native heap
# Possible solutions:
#   Reduce memory load on the system
#   Increase physical memory or swap space
#   Check if swap backing store is full
#   Decrease Java heap size (-Xmx/-Xms)
#   Decrease number of Java threads
#   Decrease Java thread stack sizes (-Xss)
#   Set larger code cache with -XX:ReservedCodeCacheSize=
#   JVM is running with Unscaled Compressed Oops mode in which the Java heap is
#     placed in the first 4GB address space. The Java Heap base address is the
#     maximum limit for the native heap growth. Please use -XX:HeapBaseMinAddress
#     to set the Java Heap base and to place the Java Heap above 4GB virtual address.
# This output file may be truncated or incomplete.
#
#  Out of Memory Error (arena.cpp:186), pid=13332, tid=10356
#
# JRE version: Java(TM) SE Runtime Environment (25.0.2+10) (build 25.0.2+10-LTS-69)
# Java VM: Java HotSpot(TM) 64-Bit Server VM (25.0.2+10-LTS-69, mixed mode, tiered, compressed oops, compressed class ptrs, g1 gc, windows-amd64)
# No core dump will be written. Minidumps are not enabled by default on client versions of Windows
#

---------------  S U M M A R Y ------------

Command Line: -Dclassworlds.conf=C:\Program Files\NetBeans-25\netbeans\java\maven\bin\m2.conf -Dmaven.home=C:\Program Files\NetBeans-25\netbeans\java\maven -Dlibrary.jansi.path=C:\Program Files\NetBeans-25\netbeans\java\maven\lib\jansi-native -Dmaven.multiModuleProjectDirectory=C:\Users\pedro\Documents\NetBeansProjects\Desafio004 org.codehaus.plexus.classworlds.launcher.Launcher -Dmaven.ext.class.path=C:\Program Files\NetBeans-25\netbeans\java\maven-nblib\netbeans-eventspy.jar --no-transfer-progress clean install

Host: 13th Gen Intel(R) Core(TM) i5-13420H, 12 cores, 7G,  Windows 11 , 64 bit Build 26100 (10.0.26100.8328)
Time: Sun May 24 21:14:55 2026 Hora oficial do Brasil elapsed time: 11.497687 seconds (0d 0h 0m 11s)

---------------  T H R E A D  ---------------

Current thread (0x0000018d41d9cc60):  JavaThread "C2 CompilerThread0" daemon [_thread_in_native, id=10356, stack(0x00000070dc000000,0x00000070dc100000) (1024K)]


Current CompileTask:
C2:11497 5159       4       jdk.internal.classfile.impl.StackMapGenerator::processBlock (2767 bytes)

Stack: [0x00000070dc000000,0x00000070dc100000]
Native frames: (J=compiled Java code, j=interpreted, Vv=VM code, C=native code)
V  [jvm.dll+0x7a70f9]  (no source info available)
V  [jvm.dll+0x772d6d]  (no source info available)
V  [jvm.dll+0x965d53]  (no source info available)
V  [jvm.dll+0x968351]  (no source info available)
V  [jvm.dll+0x968a63]  (no source info available)
V  [jvm.dll+0x2fc846]  (no source info available)
V  [jvm.dll+0x111b16]  (no source info available)
V  [jvm.dll+0x111e3e]  (no source info available)
V  [jvm.dll+0x45276d]  (no source info available)
V  [jvm.dll+0x421aa2]  (no source info available)
V  [jvm.dll+0x420eba]  (no source info available)
V  [jvm.dll+0x2c0979]  (no source info available)
V  [jvm.dll+0x2bfb5f]  (no source info available)
V  [jvm.dll+0x2379a0]  (no source info available)
V  [jvm.dll+0x2cfc86]  (no source info available)
V  [jvm.dll+0x2cdf05]  (no source info available)
V  [jvm.dll+0x48e9d1]  (no source info available)
V  [jvm.dll+0x906fcd]  (no source info available)
V  [jvm.dll+0x7a56d5]  (no source info available)
C  [ucrtbase.dll+0x37b0]  (no source info available)
C  [KERNEL32.DLL+0x2e957]  (no source info available)
C  [ntdll.dll+0x427c]  (no source info available)

Lock stack of current Java thread (top to bottom):


---------------  P R O C E S S  ---------------

Threads class SMR info:
_java_thread_list=0x0000018d474fb7b0, length=11, elements={
0x0000018d41d8c980, 0x0000018d41d8d7e0, 0x0000018d41d8ede0, 0x0000018d41d909b0,
0x0000018d41d91570, 0x0000018d41d968e0, 0x0000018d41d9cc60, 0x0000018d41da3890,
0x0000018d4617c3f0, 0x0000018d46183740, 0x0000018d22923fb0
}

Java Threads: ( => current thread )
  0x0000018d41d8c980 JavaThread "Reference Handler"          daemon [_thread_blocked, id=38760, stack(0x00000070dba00000,0x00000070dbb00000) (1024K)]
  0x0000018d41d8d7e0 JavaThread "Finalizer"                  daemon [_thread_blocked, id=42740, stack(0x00000070dbb00000,0x00000070dbc00000) (1024K)]
  0x0000018d41d8ede0 JavaThread "Signal Dispatcher"          daemon [_thread_blocked, id=4964, stack(0x00000070dbc00000,0x00000070dbd00000) (1024K)]
  0x0000018d41d909b0 JavaThread "Attach Listener"            daemon [_thread_blocked, id=9988, stack(0x00000070dbd00000,0x00000070dbe00000) (1024K)]
  0x0000018d41d91570 JavaThread "Service Thread"             daemon [_thread_blocked, id=34444, stack(0x00000070dbe00000,0x00000070dbf00000) (1024K)]
  0x0000018d41d968e0 JavaThread "Monitor Deflation Thread"   daemon [_thread_blocked, id=32816, stack(0x00000070dbf00000,0x00000070dc000000) (1024K)]
=>0x0000018d41d9cc60 JavaThread "C2 CompilerThread0"         daemon [_thread_in_native, id=10356, stack(0x00000070dc000000,0x00000070dc100000) (1024K)]
  0x0000018d41da3890 JavaThread "C1 CompilerThread0"         daemon [_thread_blocked, id=9124, stack(0x00000070dc100000,0x00000070dc200000) (1024K)]
  0x0000018d4617c3f0 JavaThread "Notification Thread"        daemon [_thread_blocked, id=42064, stack(0x00000070dc200000,0x00000070dc300000) (1024K)]
  0x0000018d46183740 JavaThread "Common-Cleaner"             daemon [_thread_blocked, id=16356, stack(0x00000070dc300000,0x00000070dc400000) (1024K)]
  0x0000018d22923fb0 JavaThread "DestroyJavaVM"                     [_thread_blocked, id=41264, stack(0x00000070db200000,0x00000070db300000) (1024K)]
Total: 11

Other Threads:
  0x0000018d41d45450 VMThread "VM Thread"                           [id=29800, stack(0x00000070db900000,0x00000070dba00000) (1024K)]
  0x0000018d41d0bcb0 WatcherThread "VM Periodic Task Thread"        [id=41516, stack(0x00000070db800000,0x00000070db900000) (1024K)]
  0x0000018d24cf9df0 WorkerThread "GC Thread#0"                     [id=24220, stack(0x00000070db300000,0x00000070db400000) (1024K)]
  0x0000018d472694e0 WorkerThread "GC Thread#1"                     [id=42232, stack(0x00000070dc500000,0x00000070dc600000) (1024K)]
  0x0000018d4723bb60 WorkerThread "GC Thread#2"                     [id=44900, stack(0x00000070dc600000,0x00000070dc700000) (1024K)]
  0x0000018d4723bf90 WorkerThread "GC Thread#3"                     [id=2124, stack(0x00000070dc700000,0x00000070dc800000) (1024K)]
  0x0000018d4723e3d0 WorkerThread "GC Thread#4"                     [id=23044, stack(0x00000070dc800000,0x00000070dc900000) (1024K)]
  0x0000018d4723e800 WorkerThread "GC Thread#5"                     [id=40892, stack(0x00000070dc900000,0x00000070dca00000) (1024K)]
  0x0000018d46db57a0 WorkerThread "GC Thread#6"                     [id=15660, stack(0x00000070dca00000,0x00000070dcb00000) (1024K)]
  0x0000018d46db1f90 WorkerThread "GC Thread#7"                     [id=23156, stack(0x00000070dcb00000,0x00000070dcc00000) (1024K)]
  0x0000018d46db2830 WorkerThread "GC Thread#8"                     [id=38284, stack(0x00000070dcc00000,0x00000070dcd00000) (1024K)]
  0x0000018d46db4210 WorkerThread "GC Thread#9"                     [id=39204, stack(0x00000070dcd00000,0x00000070dce00000) (1024K)]
  0x0000018d24d12ef0 ConcurrentGCThread "G1 Main Marker"            [id=44424, stack(0x00000070db400000,0x00000070db500000) (1024K)]
  0x0000018d24d13890 WorkerThread "G1 Conc#0"                       [id=5860, stack(0x00000070db500000,0x00000070db600000) (1024K)]
  0x0000018d46db3970 WorkerThread "G1 Conc#1"                       [id=40972, stack(0x00000070dce00000,0x00000070dcf00000) (1024K)]
  0x0000018d470dd290 WorkerThread "G1 Conc#2"                       [id=20000, stack(0x00000070dcf00000,0x00000070dd000000) (1024K)]
  0x0000018d24d5eb10 ConcurrentGCThread "G1 Refine#0"               [id=26876, stack(0x00000070db600000,0x00000070db700000) (1024K)]
  0x0000018d41bd1690 ConcurrentGCThread "G1 Service"                [id=45688, stack(0x00000070db700000,0x00000070db800000) (1024K)]
Total: 18

Threads with active compile tasks:
C2 CompilerThread0  16154 5159       4       jdk.internal.classfile.impl.StackMapGenerator::processBlock (2767 bytes)
Total: 1

VM state: not at safepoint (normal execution)

VM Mutex/Monitor currently owned by a thread: None

OutOfMemory and StackOverflow Exception counts:
OutOfMemoryError java_heap_errors=1
LinkageErrors=47

Heap address: 0x0000000084a00000, size: 1974 MB, Compressed Oops mode: 32-bit

CDS archive(s) not mapped
Compressed class space mapped at: 0x0000000023000000-0x0000000063000000, reserved size: 1073741824
UseCompressedClassPointers 1, UseCompactObjectHeaders 0
Narrow klass pointer bits 32, Max shift 3
Narrow klass base: 0x0000000000000000, Narrow klass shift: 0
Encoding Range: [0x0000000000000000 - 0x0000000100000000), (4294967296 bytes)
Klass Range:    [0x0000000023000000 - 0x0000000063000000), (1073741824 bytes)
Klass ID Range:  [587202560 - 1660944377) (1073741817)
No protection zone.

GC Precious Log:
 CardTable entry size: 512
 Card Set container configuration: InlinePtr #cards 5 size 8 Array Of Cards #cards 10 size 36 Howl #buckets 4 coarsen threshold 1843 Howl Bitmap #cards 512 size 80 coarsen threshold 460 Card regions per heap region 1 cards per card region 2048
 CPUs: 12 total, 12 available
 Memory: 7895M
 Large Page Support: Disabled
 NUMA Support: Disabled
 Compressed Oops: Enabled (32-bit)
 Heap Region Size: 1M
 Heap Min Capacity: 8M
 Heap Initial Capacity: 124M
 Heap Max Capacity: 1974M
 Pre-touch: Disabled
 Parallel Workers: 10
 Concurrent Workers: 3
 Concurrent Refinement Workers: 10
 Periodic GC: Disabled

Heap:
 garbage-first heap   total reserved 2021376K, committed 77824K, used 18782K [0x0000000084a00000, 0x0000000100000000)
  region size 1024K, 2 young (2048K), 1 survivors (1024K)

Heap Regions: E=young(eden), S=young(survivor), O=old, HS=humongous(starts), HC=humongous(continues), CS=collection set, F=free, TAMS=top-at-mark-start, PB=parsable bottom
|   0|0x0000000084a00000, 0x0000000084b00000, 0x0000000084b00000|100%| O|  |TAMS 0x0000000084a00000| PB 0x0000000084a00000| Untracked |  0
|   1|0x0000000084b00000, 0x0000000084c00000, 0x0000000084c00000|100%| O|  |TAMS 0x0000000084b00000| PB 0x0000000084b00000| Untracked |  0
|   2|0x0000000084c00000, 0x0000000084d00000, 0x0000000084d00000|100%| O|  |TAMS 0x0000000084c00000| PB 0x0000000084c00000| Untracked |  0
|   3|0x0000000084d00000, 0x0000000084e00000, 0x0000000084e00000|100%| O|  |TAMS 0x0000000084d00000| PB 0x0000000084d00000| Untracked |  0
|   4|0x0000000084e00000, 0x0000000084f00000, 0x0000000084f00000|100%| O|  |TAMS 0x0000000084e00000| PB 0x0000000084e00000| Untracked |  0
|   5|0x0000000084f00000, 0x0000000085000000, 0x0000000085000000|100%| O|  |TAMS 0x0000000084f00000| PB 0x0000000084f00000| Untracked |  0
|   6|0x0000000085000000, 0x0000000085100000, 0x0000000085100000|100%| O|  |TAMS 0x0000000085000000| PB 0x0000000085000000| Untracked |  0
|   7|0x0000000085100000, 0x0000000085200000, 0x0000000085200000|100%| O|  |TAMS 0x0000000085100000| PB 0x0000000085100000| Untracked |  0
|   8|0x0000000085200000, 0x0000000085300000, 0x0000000085300000|100%| O|  |TAMS 0x0000000085200000| PB 0x0000000085200000| Untracked |  0
|   9|0x0000000085300000, 0x0000000085400000, 0x0000000085400000|100%| O|  |TAMS 0x0000000085300000| PB 0x0000000085300000| Untracked |  0
|  10|0x0000000085400000, 0x0000000085500000, 0x0000000085500000|100%| O|  |TAMS 0x0000000085400000| PB 0x0000000085400000| Untracked |  0
|  11|0x0000000085500000, 0x0000000085600000, 0x0000000085600000|100%| O|  |TAMS 0x0000000085500000| PB 0x0000000085500000| Untracked |  0
|  12|0x0000000085600000, 0x0000000085700000, 0x0000000085700000|100%| O|  |TAMS 0x0000000085600000| PB 0x0000000085600000| Untracked |  0
|  13|0x0000000085700000, 0x0000000085800000, 0x0000000085800000|100%| O|  |TAMS 0x0000000085700000| PB 0x0000000085700000| Untracked |  0
|  14|0x0000000085800000, 0x0000000085900000, 0x0000000085900000|100%| O|  |TAMS 0x0000000085800000| PB 0x0000000085800000| Untracked |  0
|  15|0x0000000085900000, 0x0000000085a00000, 0x0000000085a00000|100%|HS|  |TAMS 0x0000000085900000| PB 0x0000000085900000| Complete |  0
|  16|0x0000000085a00000, 0x0000000085b00000, 0x0000000085b00000|100%|HC|  |TAMS 0x0000000085a00000| PB 0x0000000085a00000| Complete |  0
|  17|0x0000000085b00000, 0x0000000085c00000, 0x0000000085c00000|100%|HC|  |TAMS 0x0000000085b00000| PB 0x0000000085b00000| Complete |  0
|  18|0x0000000085c00000, 0x0000000085c00000, 0x0000000085d00000|  0%| F|  |TAMS 0x0000000085c00000| PB 0x0000000085c00000| Untracked |  0
|  19|0x0000000085d00000, 0x0000000085d00000, 0x0000000085e00000|  0%| F|  |TAMS 0x0000000085d00000| PB 0x0000000085d00000| Untracked |  0
|  20|0x0000000085e00000, 0x0000000085e00000, 0x0000000085f00000|  0%| F|  |TAMS 0x0000000085e00000| PB 0x0000000085e00000| Untracked |  0
|  21|0x0000000085f00000, 0x0000000085f00000, 0x0000000086000000|  0%| F|  |TAMS 0x0000000085f00000| PB 0x0000000085f00000| Untracked |  0
|  22|0x0000000086000000, 0x0000000086000000, 0x0000000086100000|  0%| F|  |TAMS 0x0000000086000000| PB 0x0000000086000000| Untracked |  0
|  23|0x0000000086100000, 0x0000000086100000, 0x0000000086200000|  0%| F|  |TAMS 0x0000000086100000| PB 0x0000000086100000| Untracked |  0
|  24|0x0000000086200000, 0x0000000086200000, 0x0000000086300000|  0%| F|  |TAMS 0x0000000086200000| PB 0x0000000086200000| Untracked |  0
|  25|0x0000000086300000, 0x0000000086300000, 0x0000000086400000|  0%| F|  |TAMS 0x0000000086300000| PB 0x0000000086300000| Untracked |  0
|  26|0x0000000086400000, 0x0000000086400000, 0x0000000086500000|  0%| F|  |TAMS 0x0000000086400000| PB 0x0000000086400000| Untracked |  0
|  27|0x0000000086500000, 0x0000000086500000, 0x0000000086600000|  0%| F|  |TAMS 0x0000000086500000| PB 0x0000000086500000| Untracked |  0
|  28|0x0000000086600000, 0x0000000086600000, 0x0000000086700000|  0%| F|  |TAMS 0x0000000086600000| PB 0x0000000086600000| Untracked |  0
|  29|0x0000000086700000, 0x0000000086700000, 0x0000000086800000|  0%| F|  |TAMS 0x0000000086700000| PB 0x0000000086700000| Untracked |  0
|  30|0x0000000086800000, 0x0000000086800000, 0x0000000086900000|  0%| F|  |TAMS 0x0000000086800000| PB 0x0000000086800000| Untracked |  0
|  31|0x0000000086900000, 0x0000000086900000, 0x0000000086a00000|  0%| F|  |TAMS 0x0000000086900000| PB 0x0000000086900000| Untracked |  0
|  32|0x0000000086a00000, 0x0000000086a00000, 0x0000000086b00000|  0%| F|  |TAMS 0x0000000086a00000| PB 0x0000000086a00000| Untracked |  0
|  33|0x0000000086b00000, 0x0000000086b00000, 0x0000000086c00000|  0%| F|  |TAMS 0x0000000086b00000| PB 0x0000000086b00000| Untracked |  0
|  34|0x0000000086c00000, 0x0000000086c00000, 0x0000000086d00000|  0%| F|  |TAMS 0x0000000086c00000| PB 0x0000000086c00000| Untracked |  0
|  35|0x0000000086d00000, 0x0000000086d00000, 0x0000000086e00000|  0%| F|  |TAMS 0x0000000086d00000| PB 0x0000000086d00000| Untracked |  0
|  36|0x0000000086e00000, 0x0000000086e00000, 0x0000000086f00000|  0%| F|  |TAMS 0x0000000086e00000| PB 0x0000000086e00000| Untracked |  0
|  37|0x0000000086f00000, 0x0000000086f00000, 0x0000000087000000|  0%| F|  |TAMS 0x0000000086f00000| PB 0x0000000086f00000| Untracked |  0
|  38|0x0000000087000000, 0x0000000087000000, 0x0000000087100000|  0%| F|  |TAMS 0x0000000087000000| PB 0x0000000087000000| Untracked |  0
|  39|0x0000000087100000, 0x0000000087100000, 0x0000000087200000|  0%| F|  |TAMS 0x0000000087100000| PB 0x0000000087100000| Untracked |  0
|  40|0x0000000087200000, 0x0000000087200000, 0x0000000087300000|  0%| F|  |TAMS 0x0000000087200000| PB 0x0000000087200000| Untracked |  0
|  41|0x0000000087300000, 0x0000000087300000, 0x0000000087400000|  0%| F|  |TAMS 0x0000000087300000| PB 0x0000000087300000| Untracked |  0
|  42|0x0000000087400000, 0x0000000087400000, 0x0000000087500000|  0%| F|  |TAMS 0x0000000087400000| PB 0x0000000087400000| Untracked |  0
|  43|0x0000000087500000, 0x0000000087500000, 0x0000000087600000|  0%| F|  |TAMS 0x0000000087500000| PB 0x0000000087500000| Untracked |  0
|  44|0x0000000087600000, 0x0000000087600000, 0x0000000087700000|  0%| F|  |TAMS 0x0000000087600000| PB 0x0000000087600000| Untracked |  0
|  45|0x0000000087700000, 0x0000000087700000, 0x0000000087800000|  0%| F|  |TAMS 0x0000000087700000| PB 0x0000000087700000| Untracked |  0
|  46|0x0000000087800000, 0x0000000087800000, 0x0000000087900000|  0%| F|  |TAMS 0x0000000087800000| PB 0x0000000087800000| Untracked |  0
|  47|0x0000000087900000, 0x0000000087900000, 0x0000000087a00000|  0%| F|  |TAMS 0x0000000087900000| PB 0x0000000087900000| Untracked |  0
|  48|0x0000000087a00000, 0x0000000087a00000, 0x0000000087b00000|  0%| F|  |TAMS 0x0000000087a00000| PB 0x0000000087a00000| Untracked |  0
|  49|0x0000000087b00000, 0x0000000087b00000, 0x0000000087c00000|  0%| F|  |TAMS 0x0000000087b00000| PB 0x0000000087b00000| Untracked |  0
|  50|0x0000000087c00000, 0x0000000087c00000, 0x0000000087d00000|  0%| F|  |TAMS 0x0000000087c00000| PB 0x0000000087c00000| Untracked |  0
|  51|0x0000000087d00000, 0x0000000087d00000, 0x0000000087e00000|  0%| F|  |TAMS 0x0000000087d00000| PB 0x0000000087d00000| Untracked |  0
|  52|0x0000000087e00000, 0x0000000087e00000, 0x0000000087f00000|  0%| F|  |TAMS 0x0000000087e00000| PB 0x0000000087e00000| Untracked |  0
|  53|0x0000000087f00000, 0x0000000087f00000, 0x0000000088000000|  0%| F|  |TAMS 0x0000000087f00000| PB 0x0000000087f00000| Untracked |  0
|  54|0x0000000088000000, 0x0000000088000000, 0x0000000088100000|  0%| F|  |TAMS 0x0000000088000000| PB 0x0000000088000000| Untracked |  0
|  55|0x0000000088100000, 0x0000000088100000, 0x0000000088200000|  0%| F|  |TAMS 0x0000000088100000| PB 0x0000000088100000| Untracked |  0
|  56|0x0000000088200000, 0x0000000088200000, 0x0000000088300000|  0%| F|  |TAMS 0x0000000088200000| PB 0x0000000088200000| Untracked |  0
|  57|0x0000000088300000, 0x0000000088300000, 0x0000000088400000|  0%| F|  |TAMS 0x0000000088300000| PB 0x0000000088300000| Untracked |  0
|  58|0x0000000088400000, 0x0000000088400000, 0x0000000088500000|  0%| F|  |TAMS 0x0000000088400000| PB 0x0000000088400000| Untracked |  0
|  59|0x0000000088500000, 0x0000000088500000, 0x0000000088600000|  0%| F|  |TAMS 0x0000000088500000| PB 0x0000000088500000| Untracked |  0
|  60|0x0000000088600000, 0x0000000088600000, 0x0000000088700000|  0%| F|  |TAMS 0x0000000088600000| PB 0x0000000088600000| Untracked |  0
|  61|0x0000000088700000, 0x0000000088700000, 0x0000000088800000|  0%| F|  |TAMS 0x0000000088700000| PB 0x0000000088700000| Untracked |  0
|  62|0x0000000088800000, 0x0000000088800000, 0x0000000088900000|  0%| F|  |TAMS 0x0000000088800000| PB 0x0000000088800000| Untracked |  0
|  63|0x0000000088900000, 0x0000000088900000, 0x0000000088a00000|  0%| F|  |TAMS 0x0000000088900000| PB 0x0000000088900000| Untracked |  0
|  64|0x0000000088a00000, 0x0000000088a00000, 0x0000000088b00000|  0%| F|  |TAMS 0x0000000088a00000| PB 0x0000000088a00000| Untracked |  0
|  65|0x0000000088b00000, 0x0000000088b00000, 0x0000000088c00000|  0%| F|  |TAMS 0x0000000088b00000| PB 0x0000000088b00000| Untracked |  0
|  66|0x0000000088c00000, 0x0000000088c00000, 0x0000000088d00000|  0%| F|  |TAMS 0x0000000088c00000| PB 0x0000000088c00000| Untracked |  0
|  67|0x0000000088d00000, 0x0000000088d00000, 0x0000000088e00000|  0%| F|  |TAMS 0x0000000088d00000| PB 0x0000000088d00000| Untracked |  0
|  68|0x0000000088e00000, 0x0000000088e00000, 0x0000000088f00000|  0%| F|  |TAMS 0x0000000088e00000| PB 0x0000000088e00000| Untracked |  0
|  69|0x0000000088f00000, 0x0000000088f00000, 0x0000000089000000|  0%| F|  |TAMS 0x0000000088f00000| PB 0x0000000088f00000| Untracked |  0
|  70|0x0000000089000000, 0x0000000089000000, 0x0000000089100000|  0%| F|  |TAMS 0x0000000089000000| PB 0x0000000089000000| Untracked |  0
|  71|0x0000000089100000, 0x0000000089100000, 0x0000000089200000|  0%| F|  |TAMS 0x0000000089100000| PB 0x0000000089100000| Untracked |  0
|  72|0x0000000089200000, 0x0000000089200000, 0x0000000089300000|  0%| F|  |TAMS 0x0000000089200000| PB 0x0000000089200000| Untracked |  0
| 109|0x000000008b700000, 0x000000008b700000, 0x000000008b800000|  0%| F|  |TAMS 0x000000008b700000| PB 0x000000008b700000| Untracked |  0
| 110|0x000000008b800000, 0x000000008b857a80, 0x000000008b900000| 34%| S|CS|TAMS 0x000000008b800000| PB 0x000000008b800000| Complete |  0
| 123|0x000000008c500000, 0x000000008c5f2480, 0x000000008c600000| 94%| E|  |TAMS 0x000000008c500000| PB 0x000000008c500000| Complete |  0

Card table byte_map: [0x0000018d3ce60000,0x0000018d3d240000] _byte_map_base: 0x0000018d3ca3b000

Marking Bits: (CMBitMap*) 0x0000018d24cfa380
 Bits: [0x0000018d3d240000, 0x0000018d3f118000)

Polling page: 0x0000018d24460000

Metaspace:
Metaspace        used 38306K, committed 38720K, reserved 1114112K
 class space     used 4337K, committed 4544K, reserved 1048576K

Usage:
  Non-class:     33.17 MB used.
      Class:      4.24 MB used.
       Both:     37.41 MB used.

Virtual space:
  Non-class space:       64.00 MB reserved,      33.38 MB ( 52%) committed,  1 nodes.
      Class space:        1.00 GB reserved,       4.44 MB ( <1%) committed,  1 nodes.
             Both:        1.06 GB reserved,      37.81 MB (  3%) committed. 

Chunk freelists:
   Non-Class:  14.29 MB
       Class:  11.54 MB
        Both:  25.84 MB

MaxMetaspaceSize: unlimited
CompressedClassSpaceSize: 1.00 GB
Initial GC threshold: 21.00 MB
Current GC threshold: 58.12 MB
CDS: off
 - commit_granule_bytes: 65536.
 - commit_granule_words: 8192.
 - virtual_space_node_default_size: 8388608.
 - enlarge_chunks_in_place: 1.
UseCompressedClassPointers 1, UseCompactObjectHeaders 0
Narrow klass pointer bits 32, Max shift 3
Narrow klass base: 0x0000000000000000, Narrow klass shift: 0
Encoding Range: [0x0000000000000000 - 0x0000000100000000), (4294967296 bytes)
Klass Range:    [0x0000000023000000 - 0x0000000063000000), (1073741824 bytes)
Klass ID Range:  [587202560 - 1660944377) (1073741817)
No protection zone.


Internal statistics:

num_allocs_failed_limit: 3.
num_arena_births: 232.
num_arena_deaths: 0.
num_vsnodes_births: 2.
num_vsnodes_deaths: 0.
num_space_committed: 605.
num_space_uncommitted: 0.
num_chunks_returned_to_freelist: 3.
num_chunks_taken_from_freelist: 1024.
num_chunk_merges: 3.
num_chunk_splits: 691.
num_chunks_enlarged: 553.
num_inconsistent_stats: 0.

CodeHeap 'non-profiled nmethods': size=120064Kb used=1844Kb max_used=1844Kb free=118219Kb
 bounds [0x0000018d34ff0000, 0x0000018d35260000, 0x0000018d3c530000]
CodeHeap 'profiled nmethods': size=120000Kb used=7360Kb max_used=7360Kb free=112639Kb
 bounds [0x0000018d2d530000, 0x0000018d2dc70000, 0x0000018d34a60000]
CodeHeap 'non-nmethods': size=5696Kb used=1489Kb max_used=1599Kb free=4206Kb
 bounds [0x0000018d34a60000, 0x0000018d34cd0000, 0x0000018d34ff0000]
CodeCache: size=245760Kb, used=10693Kb, max_used=10803Kb, free=235064Kb
 total_blobs=5537, nmethods=4925, adapters=515, full_count=0
Compilation: enabled, stopped_count=0, restarted_count=0

Compilation events (20 events):
Event: 9.462 Thread 0x0000018d41d9cc60 nmethod 5157 0x0000018d351b9f08 code [0x0000018d351ba000, 0x0000018d351ba428]
Event: 9.469 Thread 0x0000018d41d9cc60 5158       4       java.lang.invoke.MethodType::checkSlotCount (33 bytes)
Event: 9.469 Thread 0x0000018d41d9cc60 nmethod 5158 0x0000018d351ba488 code [0x0000018d351ba580, 0x0000018d351ba608]
Event: 9.476 Thread 0x0000018d41d9cc60 5159       4       jdk.internal.classfile.impl.StackMapGenerator::processBlock (2767 bytes)
Event: 9.481 Thread 0x0000018d41da3890 5160       3       sun.nio.fs.WindowsFileAttributes::fromFileAttributeData (104 bytes)
Event: 9.482 Thread 0x0000018d41da3890 nmethod 5160 0x0000018d2d6c6508 code [0x0000018d2d6c6600, 0x0000018d2d6c6d38]
Event: 9.482 Thread 0x0000018d41da3890 5161       3       java.util.Optional::of (12 bytes)
Event: 9.482 Thread 0x0000018d41da3890 nmethod 5161 0x0000018d2d6d7c88 code [0x0000018d2d6d7d80, 0x0000018d2d6d8110]
Event: 9.490 Thread 0x0000018d41da3890 5162       3       java.nio.ByteBuffer::<init> (14 bytes)
Event: 9.490 Thread 0x0000018d41da3890 nmethod 5162 0x0000018d2d6d7988 code [0x0000018d2d6d7a80, 0x0000018d2d6d7bc8]
Event: 9.490 Thread 0x0000018d41da3890 5163       3       java.nio.MappedByteBuffer::limit (6 bytes)
Event: 9.490 Thread 0x0000018d41da3890 nmethod 5163 0x0000018d2d6d7608 code [0x0000018d2d6d7700, 0x0000018d2d6d7980]
Event: 9.491 Thread 0x0000018d41da3890 5164       3       java.lang.Integer::numberOfTrailingZeros (80 bytes)
Event: 9.491 Thread 0x0000018d41da3890 nmethod 5164 0x0000018d2d6d7288 code [0x0000018d2d6d7380, 0x0000018d2d6d75a0]
Event: 9.491 Thread 0x0000018d41da3890 5165       3       java.util.JumboEnumSet$EnumSetIterator::hasNext (67 bytes)
Event: 9.491 Thread 0x0000018d41da3890 nmethod 5165 0x0000018d2d6d6f08 code [0x0000018d2d6d7000, 0x0000018d2d6d7278]
Event: 9.493 Thread 0x0000018d41da3890 5168       3       jdk.internal.classfile.impl.StackMapGenerator$Frame::setLocal (76 bytes)
Event: 9.493 Thread 0x0000018d41da3890 nmethod 5168 0x0000018d2d6d6988 code [0x0000018d2d6d6a80, 0x0000018d2d6d6ec8]
Event: 9.494 Thread 0x0000018d41da3890 5169       3       jdk.internal.misc.VM::initLevel (4 bytes)
Event: 9.494 Thread 0x0000018d41da3890 nmethod 5169 0x0000018d2d6d6688 code [0x0000018d2d6d6780, 0x0000018d2d6d6878]

GC Heap Usage History (20 events):
Event: 6.042 {heap Before GC invocations=0 (full 0):
 garbage-first heap   total reserved 2021376K, committed 126976K, used 48128K [0x0000000084a00000, 0x0000000100000000)
  region size 1024K, 47 young (48128K), 0 survivors (0K)
}
Event: 6.052 {heap After GC invocations=1 (full 0):
 garbage-first heap   total reserved 2021376K, committed 126976K, used 5120K [0x0000000084a00000, 0x0000000100000000)
  region size 1024K, 5 young (5120K), 5 survivors (5120K)
}
Event: 6.271 {heap Before GC invocations=1 (full 0):
 garbage-first heap   total reserved 2021376K, committed 126976K, used 17408K [0x0000000084a00000, 0x0000000100000000)
  region size 1024K, 18 young (18432K), 5 survivors (5120K)
}
Event: 6.277 {heap After GC invocations=2 (full 0):
 garbage-first heap   total reserved 2021376K, committed 126976K, used 6927K [0x0000000084a00000, 0x0000000100000000)
  region size 1024K, 2 young (2048K), 2 survivors (2048K)
}
Event: 6.559 {heap Before GC invocations=3 (full 0):
 garbage-first heap   total reserved 2021376K, committed 24576K, used 24335K [0x0000000084a00000, 0x0000000100000000)
  region size 1024K, 19 young (19456K), 2 survivors (2048K)
}
Event: 6.562 {heap After GC invocations=4 (full 0):
 garbage-first heap   total reserved 2021376K, committed 27648K, used 8071K [0x0000000084a00000, 0x0000000100000000)
  region size 1024K, 3 young (3072K), 3 survivors (3072K)
}
Event: 6.743 {heap Before GC invocations=4 (full 0):
 garbage-first heap   total reserved 2021376K, committed 27648K, used 19335K [0x0000000084a00000, 0x0000000100000000)
  region size 1024K, 14 young (14336K), 3 survivors (3072K)
}
Event: 6.746 {heap After GC invocations=5 (full 0):
 garbage-first heap   total reserved 2021376K, committed 27648K, used 9348K [0x0000000084a00000, 0x0000000100000000)
  region size 1024K, 2 young (2048K), 2 survivors (2048K)
}
Event: 6.909 {heap Before GC invocations=5 (full 0):
 garbage-first heap   total reserved 2021376K, committed 27648K, used 19588K [0x0000000084a00000, 0x0000000100000000)
  region size 1024K, 13 young (13312K), 2 survivors (2048K)
}
Event: 6.912 {heap After GC invocations=6 (full 0):
 garbage-first heap   total reserved 2021376K, committed 27648K, used 11143K [0x0000000084a00000, 0x0000000100000000)
  region size 1024K, 2 young (2048K), 2 survivors (2048K)
}
Event: 7.433 {heap Before GC invocations=6 (full 0):
 garbage-first heap   total reserved 2021376K, committed 27648K, used 20359K [0x0000000084a00000, 0x0000000100000000)
  region size 1024K, 12 young (12288K), 2 survivors (2048K)
}
Event: 7.436 {heap After GC invocations=7 (full 0):
 garbage-first heap   total reserved 2021376K, committed 27648K, used 13098K [0x0000000084a00000, 0x0000000100000000)
  region size 1024K, 2 young (2048K), 2 survivors (2048K)
}
Event: 8.050 {heap Before GC invocations=7 (full 0):
 garbage-first heap   total reserved 2021376K, committed 27648K, used 22314K [0x0000000084a00000, 0x0000000100000000)
  region size 1024K, 11 young (11264K), 2 survivors (2048K)
}
Event: 8.056 {heap After GC invocations=8 (full 0):
 garbage-first heap   total reserved 2021376K, committed 27648K, used 14124K [0x0000000084a00000, 0x0000000100000000)
  region size 1024K, 1 young (1024K), 1 survivors (1024K)
}
Event: 8.187 {heap Before GC invocations=8 (full 0):
 garbage-first heap   total reserved 2021376K, committed 27648K, used 22316K [0x0000000084a00000, 0x0000000100000000)
  region size 1024K, 9 young (9216K), 1 survivors (1024K)
}
Event: 8.189 {heap After GC invocations=9 (full 0):
 garbage-first heap   total reserved 2021376K, committed 27648K, used 14354K [0x0000000084a00000, 0x0000000100000000)
  region size 1024K, 1 young (1024K), 1 survivors (1024K)
}
Event: 8.300 {heap Before GC invocations=10 (full 0):
 garbage-first heap   total reserved 2021376K, committed 27648K, used 22546K [0x0000000084a00000, 0x0000000100000000)
  region size 1024K, 9 young (9216K), 1 survivors (1024K)
}
Event: 8.301 {heap After GC invocations=11 (full 0):
 garbage-first heap   total reserved 2021376K, committed 27648K, used 14957K [0x0000000084a00000, 0x0000000100000000)
  region size 1024K, 2 young (2048K), 2 survivors (2048K)
}
Event: 8.442 {heap Before GC invocations=11 (full 0):
 garbage-first heap   total reserved 2021376K, committed 27648K, used 23149K [0x0000000084a00000, 0x0000000100000000)
  region size 1024K, 10 young (10240K), 2 survivors (2048K)
}
Event: 9.445 {heap After GC invocations=12 (full 0):
 garbage-first heap   total reserved 2021376K, committed 77824K, used 15283K [0x0000000084a00000, 0x0000000100000000)
  region size 1024K, 2 young (2048K), 2 survivors (2048K)
}

Metaspace Usage History (20 events):
Event: 6.042 {metaspace Before GC invocations=0 (full 0):
 Metaspace       used 18821K, committed 19008K, reserved 1114112K
  class space    used 2008K, committed 2112K, reserved 1048576K
}
Event: 6.052 {metaspace After GC invocations=1 (full 0):
 Metaspace       used 18821K, committed 19008K, reserved 1114112K
  class space    used 2008K, committed 2112K, reserved 1048576K
}
Event: 6.271 {metaspace Before GC invocations=1 (full 0):
 Metaspace       used 21350K, committed 21504K, reserved 1114112K
  class space    used 2363K, committed 2432K, reserved 1048576K
}
Event: 6.277 {metaspace After GC invocations=2 (full 0):
 Metaspace       used 21350K, committed 21504K, reserved 1114112K
  class space    used 2363K, committed 2432K, reserved 1048576K
}
Event: 6.559 {metaspace Before GC invocations=3 (full 0):
 Metaspace       used 24734K, committed 25024K, reserved 1114112K
  class space    used 2785K, committed 2944K, reserved 1048576K
}
Event: 6.562 {metaspace After GC invocations=4 (full 0):
 Metaspace       used 24734K, committed 25024K, reserved 1114112K
  class space    used 2785K, committed 2944K, reserved 1048576K
}
Event: 6.743 {metaspace Before GC invocations=4 (full 0):
 Metaspace       used 25087K, committed 25344K, reserved 1114112K
  class space    used 2815K, committed 2944K, reserved 1048576K
}
Event: 6.746 {metaspace After GC invocations=5 (full 0):
 Metaspace       used 25087K, committed 25344K, reserved 1114112K
  class space    used 2815K, committed 2944K, reserved 1048576K
}
Event: 6.909 {metaspace Before GC invocations=5 (full 0):
 Metaspace       used 28380K, committed 28672K, reserved 1114112K
  class space    used 3133K, committed 3264K, reserved 1048576K
}
Event: 6.912 {metaspace After GC invocations=6 (full 0):
 Metaspace       used 28380K, committed 28672K, reserved 1114112K
  class space    used 3133K, committed 3264K, reserved 1048576K
}
Event: 7.433 {metaspace Before GC invocations=6 (full 0):
 Metaspace       used 34286K, committed 34624K, reserved 1114112K
  class space    used 3887K, committed 4032K, reserved 1048576K
}
Event: 7.436 {metaspace After GC invocations=7 (full 0):
 Metaspace       used 34286K, committed 34624K, reserved 1114112K
  class space    used 3887K, committed 4032K, reserved 1048576K
}
Event: 8.050 {metaspace Before GC invocations=7 (full 0):
 Metaspace       used 35237K, committed 35584K, reserved 1114112K
  class space    used 3993K, committed 4160K, reserved 1048576K
}
Event: 8.056 {metaspace After GC invocations=8 (full 0):
 Metaspace       used 35237K, committed 35584K, reserved 1114112K
  class space    used 3993K, committed 4160K, reserved 1048576K
}
Event: 8.187 {metaspace Before GC invocations=8 (full 0):
 Metaspace       used 35398K, committed 35712K, reserved 1114112K
  class space    used 4003K, committed 4160K, reserved 1048576K
}
Event: 8.189 {metaspace After GC invocations=9 (full 0):
 Metaspace       used 35398K, committed 35712K, reserved 1114112K
  class space    used 4003K, committed 4160K, reserved 1048576K
}
Event: 8.300 {metaspace Before GC invocations=10 (full 0):
 Metaspace       used 35742K, committed 36032K, reserved 1114112K
  class space    used 4033K, committed 4160K, reserved 1048576K
}
Event: 8.301 {metaspace After GC invocations=11 (full 0):
 Metaspace       used 35742K, committed 36032K, reserved 1114112K
  class space    used 4033K, committed 4160K, reserved 1048576K
}
Event: 8.442 {metaspace Before GC invocations=11 (full 0):
 Metaspace       used 37054K, committed 37376K, reserved 1114112K
  class space    used 4174K, committed 4288K, reserved 1048576K
}
Event: 9.445 {metaspace After GC invocations=12 (full 0):
 Metaspace       used 37054K, committed 37376K, reserved 1114112K
  class space    used 4174K, committed 4288K, reserved 1048576K
}

Dll operation events (9 events):
Event: 0.015 Loaded shared library C:\Program Files\Java\jdk-25.0.2\bin\java.dll
Event: 1.153 Loaded shared library C:\Program Files\Java\jdk-25.0.2\bin\net.dll
Event: 1.155 Loaded shared library C:\Program Files\Java\jdk-25.0.2\bin\nio.dll
Event: 1.162 Loaded shared library C:\Program Files\Java\jdk-25.0.2\bin\zip.dll
Event: 5.352 Loaded shared library C:\Program Files\NetBeans-25\netbeans\java\maven\lib\jansi-native\Windows\x86_64\jansi.dll
Event: 5.353 Loaded shared library C:\Program Files\Java\jdk-25.0.2\bin\jimage.dll
Event: 5.361 Loaded shared library C:\Program Files\Java\jdk-25.0.2\bin\verify.dll
Event: 7.033 Loaded shared library C:\Program Files\Java\jdk-25.0.2\bin\extnet.dll
Event: 7.103 Loaded shared library C:\Program Files\Java\jdk-25.0.2\bin\sunmscapi.dll

Deoptimization events (20 events):
Event: 8.263 Thread 0x0000018d22923fb0 DEOPT PACKING pc=0x0000018d351037b8 sp=0x00000070db2fca20
Event: 8.263 Thread 0x0000018d22923fb0 DEOPT UNPACKING pc=0x0000018d34b7cd82 sp=0x00000070db2fc9b0 mode 2
Event: 8.344 Thread 0x0000018d22923fb0 Uncommon trap: trap_request=0xffffff45 fr.pc=0x0000018d3502eb08 relative=0x0000000000000088
Event: 8.344 Thread 0x0000018d22923fb0 Uncommon trap: reason=unstable_if action=reinterpret pc=0x0000018d3502eb08 method=sun.net.www.ParseUtil.firstEncodeIndex(Ljava/lang/String;)I @ 51 c2
Event: 8.344 Thread 0x0000018d22923fb0 DEOPT PACKING pc=0x0000018d3502eb08 sp=0x00000070db2fd520
Event: 8.344 Thread 0x0000018d22923fb0 DEOPT UNPACKING pc=0x0000018d34b7cd82 sp=0x00000070db2fd4b0 mode 2
Event: 8.363 Thread 0x0000018d22923fb0 DEOPT PACKING pc=0x0000018d2d5b8bae sp=0x00000070db2fcd70
Event: 8.363 Thread 0x0000018d22923fb0 DEOPT UNPACKING pc=0x0000018d34ab1702 sp=0x00000070db2fc270 mode 0
Event: 8.419 Thread 0x0000018d22923fb0 Uncommon trap: trap_request=0xffffffc6 fr.pc=0x0000018d35186ce4 relative=0x00000000000013e4
Event: 8.419 Thread 0x0000018d22923fb0 Uncommon trap: reason=bimorphic_or_optimized_type_check action=maybe_recompile pc=0x0000018d35186ce4 method=java.util.TimSort.binarySort([Ljava/lang/Object;IIILjava/util/Comparator;)V @ 93 c2
Event: 8.419 Thread 0x0000018d22923fb0 DEOPT PACKING pc=0x0000018d35186ce4 sp=0x00000070db2fdb60
Event: 8.419 Thread 0x0000018d22923fb0 DEOPT UNPACKING pc=0x0000018d34b7cd82 sp=0x00000070db2fdb28 mode 2
Event: 8.424 Thread 0x0000018d22923fb0 Uncommon trap: trap_request=0xffffff45 fr.pc=0x0000018d350d04c4 relative=0x00000000000000c4
Event: 8.424 Thread 0x0000018d22923fb0 Uncommon trap: reason=unstable_if action=reinterpret pc=0x0000018d350d04c4 method=java.util.Spliterator.getExactSizeIfKnown()J @ 9 c2
Event: 8.424 Thread 0x0000018d22923fb0 DEOPT PACKING pc=0x0000018d350d04c4 sp=0x00000070db2fdd80
Event: 8.424 Thread 0x0000018d22923fb0 DEOPT UNPACKING pc=0x0000018d34b7cd82 sp=0x00000070db2fdd18 mode 2
Event: 9.497 Thread 0x0000018d22923fb0 Uncommon trap: trap_request=0xffffff45 fr.pc=0x0000018d35070640 relative=0x0000000000000ec0
Event: 9.497 Thread 0x0000018d22923fb0 Uncommon trap: reason=unstable_if action=reinterpret pc=0x0000018d35070640 method=jdk.internal.module.SystemModuleFinders$SystemModuleReader.find(Ljava/lang/String;)Ljava/util/Optional; @ 5 c2
Event: 9.497 Thread 0x0000018d22923fb0 DEOPT PACKING pc=0x0000018d35070640 sp=0x00000070db2fce20
Event: 9.497 Thread 0x0000018d22923fb0 DEOPT UNPACKING pc=0x0000018d34b7cd82 sp=0x00000070db2fce08 mode 2

Classes loaded (20 events):
Event: 9.496 Loading class java/nio/channels/AsynchronousFileChannel
Event: 9.496 Loading class java/nio/channels/AsynchronousChannel
Event: 9.496 Loading class java/nio/channels/AsynchronousChannel done
Event: 9.496 Loading class java/nio/channels/AsynchronousFileChannel done
Event: 9.496 Loading class java/nio/file/FileStore
Event: 9.496 Loading class java/nio/file/FileStore done
Event: 9.497 Loading class jdk/internal/jrtfs/JrtFileSystemProvider
Event: 9.497 Loading class jdk/internal/jrtfs/JrtFileSystemProvider done
Event: 9.497 Loading class sun/net/www/protocol/jrt/JavaRuntimeURLConnection
Event: 9.498 Loading class sun/net/www/protocol/jrt/JavaRuntimeURLConnection done
Event: 9.498 Loading class sun/net/www/protocol/jrt/JavaRuntimeURLConnection$1
Event: 9.498 Loading class sun/net/www/protocol/jrt/JavaRuntimeURLConnection$1 done
Event: 9.498 Loading class jdk/internal/jimage/ImageBufferCache
Event: 9.498 Loading class jdk/internal/jimage/ImageBufferCache done
Event: 9.498 Loading class jdk/internal/jimage/ImageBufferCache$1
Event: 9.498 Loading class jdk/internal/jimage/ImageBufferCache$1 done
Event: 9.498 Loading class jdk/internal/jimage/ImageBufferCache$2
Event: 9.498 Loading class jdk/internal/jimage/ImageBufferCache$2 done
Event: 9.498 Loading class java/util/AbstractMap$SimpleEntry
Event: 9.498 Loading class java/util/AbstractMap$SimpleEntry done

Classes unloaded (0 events):
No events

Classes redefined (0 events):
No events

Internal exceptions (20 events):
Event: 7.917 Thread 0x0000018d22923fb0 Exception <a 'sun/nio/fs/WindowsException'{0x000000008b740c98}> (0x000000008b740c98) 
thrown [s\open\src\hotspot\share\prims\jni.cpp, line 516]
Event: 7.919 Thread 0x0000018d22923fb0 Exception <a 'sun/nio/fs/WindowsException'{0x000000008b74ab48}> (0x000000008b74ab48) 
thrown [s\open\src\hotspot\share\prims\jni.cpp, line 516]
Event: 7.920 Thread 0x0000018d22923fb0 Exception <a 'java/io/IOException'{0x000000008b74b2f0}> (0x000000008b74b2f0) 
thrown [s\open\src\hotspot\share\prims\jni.cpp, line 516]
Event: 7.923 Thread 0x0000018d22923fb0 Exception <a 'sun/nio/fs/WindowsException'{0x000000008b751ee0}> (0x000000008b751ee0) 
thrown [s\open\src\hotspot\share\prims\jni.cpp, line 516]
Event: 7.926 Thread 0x0000018d22923fb0 Exception <a 'sun/nio/fs/WindowsException'{0x000000008b75bfe8}> (0x000000008b75bfe8) 
thrown [s\open\src\hotspot\share\prims\jni.cpp, line 516]
Event: 7.926 Thread 0x0000018d22923fb0 Exception <a 'java/io/IOException'{0x000000008b75c7b0}> (0x000000008b75c7b0) 
thrown [s\open\src\hotspot\share\prims\jni.cpp, line 516]
Event: 7.929 Thread 0x0000018d22923fb0 Exception <a 'java/lang/NoSuchMethodError'{0x000000008615f7e8}: 'java.lang.Object java.lang.invoke.DirectMethodHandle$Holder.newInvokeSpecial(java.lang.Object, java.lang.Object, java.lang.Object, java.lang.Object, java.lang.Object, java.lang.Object, java.lang.Object)'> (0x000000008615f7e8) 
thrown [s\open\src\hotspot\share\interpreter\linkResolver.cpp, line 804]
Event: 8.028 Thread 0x0000018d22923fb0 Exception <a 'java/lang/NoSuchMethodError'{0x0000000085de1c40}: 'int java.lang.invoke.DirectMethodHandle$Holder.invokeVirtual(java.lang.Object, java.lang.Object)'> (0x0000000085de1c40) 
thrown [s\open\src\hotspot\share\interpreter\linkResolver.cpp, line 804]
Event: 8.050 Thread 0x0000018d22923fb0 Exception <a 'java/lang/NoSuchMethodError'{0x0000000085cfba40}: 'void java.lang.invoke.Invokers$Holder.invokeExact_MT(java.lang.Object, java.lang.Object, int, java.lang.Object)'> (0x0000000085cfba40) 
thrown [s\open\src\hotspot\share\interpreter\linkResolver.cpp, line 804]
Event: 8.059 Thread 0x0000018d22923fb0 Exception <a 'java/lang/NoSuchMethodError'{0x000000008c54e5c8}: 'void java.lang.invoke.DirectMethodHandle$Holder.invokeInterface(java.lang.Object, java.lang.Object, java.lang.Object)'> (0x000000008c54e5c8) 
thrown [s\open\src\hotspot\share\interpreter\linkResolver.cpp, line 804]
Event: 8.408 Thread 0x0000018d22923fb0 Exception <a 'java/io/IOException'{0x0000000085e69af8}> (0x0000000085e69af8) 
thrown [s\open\src\hotspot\share\prims\jni.cpp, line 516]
Event: 8.408 Thread 0x0000018d22923fb0 Exception <a 'java/io/IOException'{0x0000000085e6a210}> (0x0000000085e6a210) 
thrown [s\open\src\hotspot\share\prims\jni.cpp, line 516]
Event: 8.413 Thread 0x0000018d22923fb0 Exception <a 'sun/nio/fs/WindowsException'{0x0000000085ecf070}> (0x0000000085ecf070) 
thrown [s\open\src\hotspot\share\prims\jni.cpp, line 516]
Event: 8.414 Thread 0x0000018d22923fb0 Exception <a 'sun/nio/fs/WindowsException'{0x0000000085ecf6f0}> (0x0000000085ecf6f0) 
thrown [s\open\src\hotspot\share\prims\jni.cpp, line 516]
Event: 8.417 Thread 0x0000018d22923fb0 Exception <a 'java/io/IOException'{0x0000000085efdb50}> (0x0000000085efdb50) 
thrown [s\open\src\hotspot\share\prims\jni.cpp, line 516]
Event: 8.417 Thread 0x0000018d22923fb0 Exception <a 'java/io/IOException'{0x0000000085efe298}> (0x0000000085efe298) 
thrown [s\open\src\hotspot\share\prims\jni.cpp, line 516]
Event: 8.418 Thread 0x0000018d22923fb0 Exception <a 'java/io/IOException'{0x0000000085efe9d0}> (0x0000000085efe9d0) 
thrown [s\open\src\hotspot\share\prims\jni.cpp, line 516]
Event: 8.418 Thread 0x0000018d22923fb0 Exception <a 'sun/nio/fs/WindowsException'{0x0000000085eff6c0}> (0x0000000085eff6c0) 
thrown [s\open\src\hotspot\share\prims\jni.cpp, line 516]
Event: 8.423 Thread 0x0000018d22923fb0 Exception <a 'java/lang/IncompatibleClassChangeError'{0x0000000085d42c58}: Found class java.lang.Object, but interface was expected> (0x0000000085d42c58) 
thrown [s\open\src\hotspot\share\interpreter\linkResolver.cpp, line 871]
Event: 9.492 Thread 0x0000018d22923fb0 Exception <a 'java/lang/NoSuchMethodError'{0x000000008c5d12d8}: 'int java.lang.invoke.DirectMethodHandle$Holder.invokeInterface(java.lang.Object, java.lang.Object)'> (0x000000008c5d12d8) 
thrown [s\open\src\hotspot\share\interpreter\linkResolver.cpp, line 804]

VM Operations (20 events):
Event: 7.767 Executing non-safepoint VM operation: HandshakeAllThreads (Deoptimize)
Event: 7.767 Executing non-safepoint VM operation: HandshakeAllThreads (Deoptimize) done
Event: 8.048 Executing non-safepoint VM operation: HandshakeAllThreads (Deoptimize)
Event: 8.048 Executing non-safepoint VM operation: HandshakeAllThreads (Deoptimize) done
Event: 8.050 Executing safepoint VM operation: G1CollectForAllocation (G1 Evacuation Pause)
Event: 8.056 Executing safepoint VM operation: G1CollectForAllocation (G1 Evacuation Pause) done
Event: 8.187 Executing safepoint VM operation: G1CollectForAllocation (G1 Evacuation Pause)
Event: 8.189 Executing safepoint VM operation: G1CollectForAllocation (G1 Evacuation Pause) done
Event: 8.194 Executing safepoint VM operation: G1PauseRemark
Event: 8.198 Executing safepoint VM operation: G1PauseRemark done
Event: 8.200 Executing safepoint VM operation: G1PauseCleanup
Event: 8.200 Executing safepoint VM operation: G1PauseCleanup done
Event: 8.300 Executing safepoint VM operation: G1CollectForAllocation (G1 Evacuation Pause)
Event: 8.301 Executing safepoint VM operation: G1CollectForAllocation (G1 Evacuation Pause) done
Event: 8.442 Executing safepoint VM operation: G1CollectForAllocation (G1 Evacuation Pause)
Event: 9.445 Executing safepoint VM operation: G1CollectForAllocation (G1 Evacuation Pause) done
Event: 9.447 Executing non-safepoint VM operation: HandshakeAllThreads (Deoptimize)
Event: 9.448 Executing non-safepoint VM operation: HandshakeAllThreads (Deoptimize) done
Event: 9.491 Executing non-safepoint VM operation: HandshakeAllThreads (Deoptimize)
Event: 9.491 Executing non-safepoint VM operation: HandshakeAllThreads (Deoptimize) done

Memory protections (0 events):
No events

Nmethod flushes (20 events):
Event: 8.197 Thread 0x0000018d41d45450 flushing  nmethod 0x0000018d2d6da088
Event: 8.197 Thread 0x0000018d41d45450 flushing  nmethod 0x0000018d2d6ece88
Event: 8.197 Thread 0x0000018d41d45450 flushing  nmethod 0x0000018d2d6f4188
Event: 8.197 Thread 0x0000018d41d45450 flushing  nmethod 0x0000018d2d6f4a08
Event: 8.197 Thread 0x0000018d41d45450 flushing  nmethod 0x0000018d2d719e88
Event: 8.197 Thread 0x0000018d41d45450 flushing  nmethod 0x0000018d2d71a688
Event: 8.197 Thread 0x0000018d41d45450 flushing  nmethod 0x0000018d2d71f188
Event: 8.197 Thread 0x0000018d41d45450 flushing  nmethod 0x0000018d2d741b88
Event: 8.197 Thread 0x0000018d41d45450 flushing  nmethod 0x0000018d2d786288
Event: 8.197 Thread 0x0000018d41d45450 flushing  nmethod 0x0000018d2d7b3688
Event: 8.197 Thread 0x0000018d41d45450 flushing  nmethod 0x0000018d2d7c0808
Event: 8.197 Thread 0x0000018d41d45450 flushing  nmethod 0x0000018d2d7e7988
Event: 8.197 Thread 0x0000018d41d45450 flushing  nmethod 0x0000018d2d7ea188
Event: 8.197 Thread 0x0000018d41d45450 flushing  nmethod 0x0000018d2d7eaa08
Event: 8.197 Thread 0x0000018d41d45450 flushing  nmethod 0x0000018d2d7eb308
Event: 8.197 Thread 0x0000018d41d45450 flushing  nmethod 0x0000018d2d806488
Event: 8.197 Thread 0x0000018d41d45450 flushing  nmethod 0x0000018d2d835a08
Event: 8.197 Thread 0x0000018d41d45450 flushing  nmethod 0x0000018d2d83d308
Event: 8.197 Thread 0x0000018d41d45450 flushing  nmethod 0x0000018d2d854a08
Event: 8.197 Thread 0x0000018d41d45450 flushing  nmethod 0x0000018d2d85d288

Events (20 events):
Event: 1.100 Thread 0x0000018d22923fb0 Thread added: 0x0000018d41d8c980
Event: 1.101 Thread 0x0000018d22923fb0 Thread added: 0x0000018d41d8d7e0
Event: 1.102 Thread 0x0000018d22923fb0 Thread added: 0x0000018d41d8ede0
Event: 1.102 Thread 0x0000018d22923fb0 Thread added: 0x0000018d41d909b0
Event: 1.102 Thread 0x0000018d22923fb0 Thread added: 0x0000018d41d91570
Event: 1.102 Thread 0x0000018d22923fb0 Thread added: 0x0000018d41d968e0
Event: 1.102 Thread 0x0000018d22923fb0 Thread added: 0x0000018d41d9cc60
Event: 1.102 Thread 0x0000018d22923fb0 Thread added: 0x0000018d41da3890
Event: 1.137 Thread 0x0000018d22923fb0 Thread added: 0x0000018d4617c3f0
Event: 1.145 Thread 0x0000018d22923fb0 Thread added: 0x0000018d46183740
Event: 1.227 Thread 0x0000018d41d9cc60 Thread added: 0x0000018d462b8c80
Event: 3.271 Thread 0x0000018d462b8c80 Thread exited: 0x0000018d462b8c80
Event: 5.346 Thread 0x0000018d22923fb0 Thread added: 0x0000018d46a09b30
Event: 5.396 Thread 0x0000018d46a09b30 Thread exited: 0x0000018d46a09b30
Event: 5.507 Thread 0x0000018d41da3890 Thread added: 0x0000018d46c19f30
Event: 7.767 Thread 0x0000018d22923fb0 Thread added: 0x0000018d481a9ec0
Event: 7.767 Thread 0x0000018d22923fb0 Thread added: 0x0000018d481aa680
Event: 7.911 Thread 0x0000018d481aa680 Thread exited: 0x0000018d481aa680
Event: 7.912 Thread 0x0000018d481a9ec0 Thread exited: 0x0000018d481a9ec0
Event: 9.446 Thread 0x0000018d46c19f30 Thread exited: 0x0000018d46c19f30


Dynamic libraries:
0x00007ff6b4260000 - 0x00007ff6b4270000 	C:\Program Files\Java\jdk-25.0.2\bin\java.exe
0x00007ffe07980000 - 0x00007ffe07be7000 	C:\WINDOWS\SYSTEM32\ntdll.dll
0x00007ffe06b90000 - 0x00007ffe06c59000 	C:\WINDOWS\System32\KERNEL32.DLL
0x00007ffe04f00000 - 0x00007ffe052f7000 	C:\WINDOWS\System32\KERNELBASE.dll
0x00007ffe05300000 - 0x00007ffe0544b000 	C:\WINDOWS\System32\ucrtbase.dll
0x00007ffdecf40000 - 0x00007ffdecf5e000 	C:\Program Files\Java\jdk-25.0.2\bin\VCRUNTIME140.dll
0x00007ffdecf80000 - 0x00007ffdecf97000 	C:\Program Files\Java\jdk-25.0.2\bin\jli.dll
0x00007ffe06c60000 - 0x00007ffe06e26000 	C:\WINDOWS\System32\USER32.dll
0x00007ffddbba0000 - 0x00007ffddbe32000 	C:\WINDOWS\WinSxS\amd64_microsoft.windows.common-controls_6595b64144ccf1df_6.0.26100.8457_none_3e0b2faee331e92d\COMCTL32.dll
0x00007ffe055a0000 - 0x00007ffe055c7000 	C:\WINDOWS\System32\win32u.dll
0x00007ffe07840000 - 0x00007ffe0786b000 	C:\WINDOWS\System32\GDI32.dll
0x00007ffe07890000 - 0x00007ffe07939000 	C:\WINDOWS\System32\msvcrt.dll
0x00007ffe055d0000 - 0x00007ffe056fc000 	C:\WINDOWS\System32\gdi32full.dll
0x00007ffe04460000 - 0x00007ffe04503000 	C:\WINDOWS\System32\msvcp_win.dll
0x00007ffe07800000 - 0x00007ffe07832000 	C:\WINDOWS\System32\IMM32.DLL
0x00007ffdeced0000 - 0x00007ffdecedc000 	C:\Program Files\Java\jdk-25.0.2\bin\vcruntime140_1.dll
0x00007ffd49880000 - 0x00007ffd4990d000 	C:\Program Files\Java\jdk-25.0.2\bin\msvcp140.dll
0x00007ffd1c390000 - 0x00007ffd1d1ef000 	C:\Program Files\Java\jdk-25.0.2\bin\server\jvm.dll
0x00007ffe05700000 - 0x00007ffe057b6000 	C:\WINDOWS\System32\ADVAPI32.dll
0x00007ffe06000000 - 0x00007ffe060a7000 	C:\WINDOWS\System32\sechost.dll
0x00007ffe073a0000 - 0x00007ffe074b8000 	C:\WINDOWS\System32\RPCRT4.dll
0x00007ffe06a20000 - 0x00007ffe06aa0000 	C:\WINDOWS\System32\WS2_32.dll
0x00007ffdf7830000 - 0x00007ffdf7866000 	C:\WINDOWS\SYSTEM32\WINMM.dll
0x00007ffe02f90000 - 0x00007ffe02fee000 	C:\WINDOWS\SYSTEM32\POWRPROF.dll
0x00007ffde8630000 - 0x00007ffde863b000 	C:\WINDOWS\SYSTEM32\VERSION.dll
0x00007ffe02f70000 - 0x00007ffe02f84000 	C:\WINDOWS\SYSTEM32\UMPDC.dll
0x00007ffe03240000 - 0x00007ffe0325b000 	C:\WINDOWS\SYSTEM32\kernel.appcore.dll
0x00007ffdeb790000 - 0x00007ffdeb79a000 	C:\Program Files\Java\jdk-25.0.2\bin\jimage.dll
0x00007ffe023c0000 - 0x00007ffe02602000 	C:\WINDOWS\SYSTEM32\DBGHELP.DLL
0x00007ffe07010000 - 0x00007ffe07393000 	C:\WINDOWS\System32\combase.dll
0x00007ffe06ab0000 - 0x00007ffe06b89000 	C:\WINDOWS\System32\OLEAUT32.dll
0x00007ffdcfec0000 - 0x00007ffdcfefb000 	C:\WINDOWS\SYSTEM32\dbgcore.DLL
0x00007ffe043b0000 - 0x00007ffe04458000 	C:\WINDOWS\System32\bcryptPrimitives.dll
0x00007ffde8160000 - 0x00007ffde817f000 	C:\Program Files\Java\jdk-25.0.2\bin\java.dll
0x00007ffe074c0000 - 0x00007ffe07657000 	C:\WINDOWS\System32\ole32.dll
0x00007ffe060b0000 - 0x00007ffe0681e000 	C:\WINDOWS\System32\SHELL32.dll
0x00007ffe04690000 - 0x00007ffe04efc000 	C:\WINDOWS\System32\windows.storage.dll
0x00007ffe07690000 - 0x00007ffe07786000 	C:\WINDOWS\System32\SHCORE.dll
0x00007ffe07790000 - 0x00007ffe077f6000 	C:\WINDOWS\System32\shlwapi.dll
0x00007ffe042d0000 - 0x00007ffe042f9000 	C:\WINDOWS\SYSTEM32\profapi.dll
0x00007ffdd7ae0000 - 0x00007ffdd7af2000 	C:\Program Files\Java\jdk-25.0.2\bin\net.dll
0x00007ffe037d0000 - 0x00007ffe0383c000 	C:\WINDOWS\system32\mswsock.dll
0x00007ffdd7ac0000 - 0x00007ffdd7ad6000 	C:\Program Files\Java\jdk-25.0.2\bin\nio.dll
0x00007ffdcb030000 - 0x00007ffdcb047000 	C:\Program Files\Java\jdk-25.0.2\bin\zip.dll
0x00007ffde8800000 - 0x00007ffde8824000 	C:\Program Files\NetBeans-25\netbeans\java\maven\lib\jansi-native\Windows\x86_64\jansi.dll
0x00007ffde8150000 - 0x00007ffde8160000 	C:\Program Files\Java\jdk-25.0.2\bin\verify.dll
0x00007ffe03ab0000 - 0x00007ffe03acb000 	C:\WINDOWS\SYSTEM32\CRYPTSP.dll
0x00007ffe031a0000 - 0x00007ffe031d9000 	C:\WINDOWS\system32\rsaenh.dll
0x00007ffe03880000 - 0x00007ffe038b3000 	C:\WINDOWS\SYSTEM32\USERENV.dll
0x00007ffe042a0000 - 0x00007ffe042ca000 	C:\WINDOWS\SYSTEM32\bcrypt.dll
0x00007ffe03ad0000 - 0x00007ffe03adc000 	C:\WINDOWS\SYSTEM32\CRYPTBASE.dll
0x00007ffe02be0000 - 0x00007ffe02c12000 	C:\WINDOWS\SYSTEM32\IPHLPAPI.DLL
0x00007ffe07660000 - 0x00007ffe0766a000 	C:\WINDOWS\System32\NSI.dll
0x00007ffe02c80000 - 0x00007ffe02db2000 	C:\WINDOWS\SYSTEM32\DNSAPI.dll
0x00007ffdea3d0000 - 0x00007ffdea3db000 	C:\Windows\System32\rasadhlp.dll
0x00007ffdf9100000 - 0x00007ffdf9186000 	C:\WINDOWS\System32\fwpuclnt.dll
0x00007ffdddf50000 - 0x00007ffdddf59000 	C:\Program Files\Java\jdk-25.0.2\bin\extnet.dll
0x00007ffe007f0000 - 0x00007ffe007fe000 	C:\Program Files\Java\jdk-25.0.2\bin\sunmscapi.dll
0x00007ffe04510000 - 0x00007ffe04688000 	C:\WINDOWS\System32\CRYPT32.dll
0x00007ffe03cd0000 - 0x00007ffe03d00000 	C:\WINDOWS\SYSTEM32\ncrypt.dll
0x00007ffe03c80000 - 0x00007ffe03cbf000 	C:\WINDOWS\SYSTEM32\NTASN1.dll

JVMTI agents: none

dbghelp: loaded successfully - version: 4.0.5 - missing functions: none
symbol engine: initialized successfully - sym options: 0x614 - pdb path: .;C:\Program Files\Java\jdk-25.0.2\bin;C:\WINDOWS\SYSTEM32;C:\WINDOWS\WinSxS\amd64_microsoft.windows.common-controls_6595b64144ccf1df_6.0.26100.8457_none_3e0b2faee331e92d;C:\Program Files\Java\jdk-25.0.2\bin\server;C:\Program Files\NetBeans-25\netbeans\java\maven\lib\jansi-native\Windows\x86_64

VM Arguments:
jvm_args: -Dclassworlds.conf=C:\Program Files\NetBeans-25\netbeans\java\maven\bin\m2.conf -Dmaven.home=C:\Program Files\NetBeans-25\netbeans\java\maven -Dlibrary.jansi.path=C:\Program Files\NetBeans-25\netbeans\java\maven\lib\jansi-native -Dmaven.multiModuleProjectDirectory=C:\Users\pedro\Documents\NetBeansProjects\Desafio004 
java_command: org.codehaus.plexus.classworlds.launcher.Launcher -Dmaven.ext.class.path=C:\Program Files\NetBeans-25\netbeans\java\maven-nblib\netbeans-eventspy.jar --no-transfer-progress clean install
java_class_path (initial): C:\Program Files\NetBeans-25\netbeans\java\maven\boot\plexus-classworlds-2.8.0.jar
Launcher Type: SUN_STANDARD

[Global flags]
     intx CICompilerCount                          = 4                                         {product} {ergonomic}
     uint ConcGCThreads                            = 3                                         {product} {ergonomic}
     uint G1ConcRefinementThreads                  = 10                                        {product} {ergonomic}
   size_t G1HeapRegionSize                         = 1048576                                   {product} {ergonomic}
   size_t InitialHeapSize                          = 130023424                                 {product} {ergonomic}
   size_t MarkStackSize                            = 4194304                                   {product} {ergonomic}
   size_t MarkStackSizeMax                         = 536870912                                 {product} {ergonomic}
   size_t MaxHeapSize                              = 2069889024                                {product} {ergonomic}
   size_t MaxNewSize                               = 1241513984                                {product} {ergonomic}
   size_t MinHeapDeltaBytes                        = 1048576                                   {product} {ergonomic}
   size_t MinHeapSize                              = 8388608                                   {product} {ergonomic}
    uintx NonNMethodCodeHeapSize                   = 5832704                                {pd product} {ergonomic}
    uintx NonProfiledCodeHeapSize                  = 122945536                              {pd product} {ergonomic}
    uintx ProfiledCodeHeapSize                     = 122880000                              {pd product} {ergonomic}
    uintx ReservedCodeCacheSize                    = 251658240                              {pd product} {ergonomic}
     bool SegmentedCodeCache                       = true                                      {product} {ergonomic}
   size_t SoftMaxHeapSize                          = 2069889024                             {manageable} {ergonomic}
     bool UseCompressedOops                        = true                           {product lp64_product} {ergonomic}
     bool UseG1GC                                  = true                                      {product} {ergonomic}
     bool UseLargePagesIndividualAllocation        = false                                  {pd product} {ergonomic}

Logging:
Log output configuration:
 #0: stdout all=warning uptime,level,tags foldmultilines=false
 #1: stderr all=off uptime,level,tags foldmultilines=false

Release file:
IMPLEMENTOR="Oracle Corporation" 
JAVA_RUNTIME_VERSION="25.0.2+10-LTS-69" 
JAVA_VERSION="25.0.2" 
JAVA_VERSION_DATE="2026-01-20" 
LIBC="default" 
MODULES="java.base java.compiler java.datatransfer java.xml java.prefs java.desktop java.instrument java.logging java.management java.security.sasl java.naming java.rmi java.management.rmi java.net.http java.scripting java.security.jgss java.transaction.xa java.sql java.sql.rowset java.xml.crypto java.se java.smartcardio jdk.accessibility jdk.internal.jvmstat jdk.attach jdk.charsets jdk.internal.opt jdk.zipfs jdk.compiler jdk.crypto.cryptoki jdk.crypto.ec jdk.crypto.mscapi jdk.dynalink jdk.internal.ed jdk.editpad jdk.internal.vm.ci jdk.graal.compiler jdk.graal.compiler.management jdk.hotspot.agent jdk.httpserver jdk.incubator.vector jdk.internal.le jdk.internal.md jdk.jartool jdk.javadoc jdk.jcmd jdk.management jdk.management.agent jdk.jconsole jdk.jdeps jdk.jdwp.agent jdk.jdi jdk.jfr jdk.jlink jdk.jpackage jdk.jshell jdk.jsobject jdk.jstatd jdk.localedata jdk.management.jfr jdk.naming.dns jdk.naming.rmi jdk.net jdk.nio.mapmode jdk.sctp jdk.security.auth jdk.security.jgss jdk.unsupported jdk.unsupported.desktop jdk.xml.dom" 
OS_ARCH="x86_64" 
OS_NAME="Windows" 
SOURCE=".:git:b75efb40c93a open:git:405a5699ebd0" 

Environment Variables:
JAVA_HOME=C:\Program Files\Java\jdk-25.0.2
PATH=C:\Program Files\Common Files\Oracle\Java\javapath;C:\Program Files (x86)\Common Files\Oracle\Java\java8path;C:\Program Files (x86)\Common Files\Oracle\Java\javapath;C:\Windows\system32;C:\Windows;C:\Windows\System32\Wbem;C:\Windows\System32\WindowsPowerShell\v1.0\;C:\Windows\System32\OpenSSH\;C:\Program Files (x86)\NVIDIA Corporation\PhysX\Common;C:\Program Files\NVIDIA Corporation\NVIDIA app\NvDLISR;C:\WINDOWS\system32;C:\WINDOWS;C:\WINDOWS\System32\Wbem;C:\WINDOWS\System32\WindowsPowerShell\v1.0\;C:\WINDOWS\System32\OpenSSH\;C:\Program Files\Git\cmd;C:\Program Files\MySQL\MySQL Shell 8.0\bin\;C:\Users\pedro\AppData\Local\Programs\Python\Launcher\;C:\Users\pedro\AppData\Local\Microsoft\WindowsApps;C:\Users\pedro\AppData\Local\GitHubDesktop\bin;D:\Microsoft VS Code\bin;C:\Users\pedro\AppData\Local\Programs\Microsoft VS Code\bin
USERNAME=pedro
OS=Windows_NT
PROCESSOR_IDENTIFIER=Intel64 Family 6 Model 186 Stepping 2, GenuineIntel
TMP=C:\Users\pedro\AppData\Local\Temp
TEMP=C:\Users\pedro\AppData\Local\Temp




Compilation memory statistics disabled.

Periodic native trim disabled

---------------  S Y S T E M  ---------------

OS:
 Windows 11 , 64 bit Build 26100 (10.0.26100.8328)
OS uptime: 1 days 20:22 hours
Hyper-V role detected

CPU: total 12 (initial active 12) (6 cores per cpu, 2 threads per core) family 6 model 186 stepping 2 microcode 0x5103, cx8, cmov, fxsr, ht, mmx, 3dnowpref, sse, sse2, sse3, ssse3, sse4.1, sse4.2, popcnt, lzcnt, tsc, tscinvbit, avx, avx2, aes, erms, clmul, bmi1, bmi2, adx, sha, fma, vzeroupper, clflush, clflushopt, clwb, hv, serialize, rdtscp, rdpid, fsrm, gfni, f16c, cet_ibt, cet_ss
Processor Information for processor 0
  Max Mhz: 2100, Current Mhz: 2100, Mhz Limit: 2100
Processor Information for processor 1
  Max Mhz: 2100, Current Mhz: 2100, Mhz Limit: 2100
Processor Information for processor 2
  Max Mhz: 2100, Current Mhz: 2100, Mhz Limit: 2100
Processor Information for processor 3
  Max Mhz: 2100, Current Mhz: 2100, Mhz Limit: 2100
Processor Information for processor 4
  Max Mhz: 2100, Current Mhz: 2100, Mhz Limit: 2100
Processor Information for processor 5
  Max Mhz: 2100, Current Mhz: 2100, Mhz Limit: 2100
Processor Information for processor 6
  Max Mhz: 2100, Current Mhz: 2100, Mhz Limit: 2100
Processor Information for processor 7
  Max Mhz: 2100, Current Mhz: 2100, Mhz Limit: 2100
Processor Information for processor 8
  Max Mhz: 2100, Current Mhz: 1540, Mhz Limit: 2100
Processor Information for processor 9
  Max Mhz: 2100, Current Mhz: 1540, Mhz Limit: 2100
Processor Information for processor 10
  Max Mhz: 2100, Current Mhz: 2100, Mhz Limit: 2100
Processor Information for processor 11
  Max Mhz: 2100, Current Mhz: 1540, Mhz Limit: 2100

Memory: 4k page, system-wide physical 7895M (435M free)
TotalPageFile size 32471M (AvailPageFile size 0M)
current process WorkingSet (physical memory assigned to process): 148M, peak: 151M
current process commit charge ("private bytes"): 236M, peak: 239M

vm_info: Java HotSpot(TM) 64-Bit Server VM (25.0.2+10-LTS-69) for windows-amd64 JRE (25.0.2+10-LTS-69), built on 2025-12-18T11:36:35Z with MS VC++ 17.13 (VS2022)

END.
